Script started on 2024-04-11 02:27:53-04:00
bash-4.4$ touch .bashrc[K[K[K[K[K[K[K[K[K[K[K[K[Kvim .bashrc
[?2004h[?1049h[22;0;0t[?1h=[?2004h[1;25r[?12h[?12l[27m[23m[29m[m[H[2J[?25l[25;1H".bashrc" [New File][2;1Hâ–½[6n[2;1H  [1;1H[>c]10;?]11;?[2;1H[94m~                                                                               [3;1H~                                                                               [4;1H~                                                                               [5;1H~                                                                               [6;1H~                                                                               [7;1H~                                                                               [8;1H~                                                                               [9;1H~                                                                               [10;1H~                                                                               [11;1H~                                                                               [12;1H~                                                                               [13;1H~                                                                               [14;1H~                                                                               [15;1H~                                                                               [16;1H~                                                                               [17;1H~                                                                               [18;1H~                                                                               [19;1H~                                                                               [20;1H~                                                                               [21;1H~                                                                               [22;1H~                                                                               [23;1H~                                                                               [24;1H~                                                                               [m[25;63H0,0-1[9CAll[1;1H[?25h[?12$p[27m[23m[29m[m[H[2J[?25l[2;1H[94m~                                                                               [3;1H~                                                                               [4;1H~                                                                               [5;1H~                                                                               [6;1H~                                                                               [7;1H~                                                                               [8;1H~                                                                               [9;1H~                                                                               [10;1H~                                                                               [11;1H~                                                                               [12;1H~                                                                               [13;1H~                                                                               [14;1H~                                                                               [15;1H~                                                                               [16;1H~                                                                               [17;1H~                                                                               [18;1H~                                                                               [19;1H~                                                                               [20;1H~                                                                               [21;1H~                                                                               [22;1H~                                                                               [23;1H~                                                                               [24;1H~                                                                               [m[25;63H0,0-1[9CAll".bashrc" [New File][1;1H[?25h[?25l[25;53Hi[1;1H[25;53H [1;1H[25;1H[1m-- INSERT --[m[25;13H[K[25;63H0,1[11CAll[1;1H[?25h[?25la[25;63H1,2[1;2H[?25h[?25ll[25;65H3[1;3H[?25h[?25li[25;65H4[1;4H[?25h[?25la[25;65H5[1;5H[?25h[?25l[93malias[m[25;65H6[1;6H[?25h[?25l[25;65H7[1;7H[?25h[?25ll[25;65H8[1;8H[?25h[?25l[25;65H9[1;9H[?25h[?25l[93m=[m[25;65H10[1;10H[?25h[?25l[25;66H1[1;11H[?25h[?25l[93m"[m[25;66H2[1;12H[?25h[?25l[1;11H[K[25;66H1[1;11H[?25h[?25l[93m'[m[25;66H2[1;12H[?25h[?25l[95ml[m[25;66H3[1;13H[?25h[?25l[95ms[m[25;66H4[1;14H[?25h[?25l[95m [m[25;66H5[1;15H[?25h[?25l[95m-[m[25;66H6[1;16H[?25h[?25l[95ml[m[25;66H7[1;17H[?25h[?25l[95mt[m[25;66H8[1;18H[?25h[?25l[95mr[m[25;66H9[1;19H[?25h[?25l[93m'[m[25;65H20[1;20H[?25h[?25l[2;1H[K[25;63H2,1 [2;1H[?25h[?25la[25;65H2[2;2H[?25h[?25ll[25;65H3[2;3H[?25h[?25li[25;65H4[2;4H[?25h[?25la[25;65H5[2;5H[?25h[?25l[93malias[m[25;65H6[2;6H[?25h[?25l[25;65H7[2;7H[?25h[?25lw[25;65H8[2;8H[?25h[?25l[25;65H9[2;9H[?25h[?25l[93m=[m[25;65H10[2;10H[?25h[?25l[25;66H1[2;11H[?25h[?25l[93m'[m[25;66H2[2;12H[?25h[?25l[95ml[m[25;66H3[2;13H[?25h[?25l[95ms[m[25;66H4[2;14H[?25h[?25l[95m [m[25;66H5[2;15H[?25h[?25l[95m-[m[25;66H6[2;16H[?25h[?25l[95ml[m[25;66H7[2;17H[?25h[?25l[95m [m[25;66H8[2;18H[?25h[?25l[95m|[m[25;66H9[2;19H[?25h[?25l[95m [m[25;65H20[2;20H[?25h[?25l[95mw[m[25;66H1[2;21H[?25h[?25l[95mc[m[25;66H2[2;22H[?25h[?25l[95m [m[25;66H3[2;23H[?25h[?25l[95m-[m[25;66H4[2;24H[?25h[?25l[95ml[m[25;66H5[2;25H[?25h[?25l[93m'[m[25;66H6[2;26H[?25h[25;1H[K[2;25H[?25l[25;53H^[[2;25H[25;53H  [2;26H[25;63H2,25[10CAll[2;25H[?25h[?25l[25;53H:[2;25H[25;53H[K[25;1H:[?2004h[?25hw[?25l[?25hq[?25l[?25h[?25l[?2004l".bashrc" [New] 2L, 46C written
[?2004l[?1l>[?25h[?1049l[23;0;0tbash-4.4$ source .bashrc
bash: alias: l: not found
bash: alias: =: not found
bash: alias: ls -ltr: not found
bash: alias: w: not found
bash: alias: =: not found
bash: alias: ls -l | wc -l: not found
bash-4.4$ ls
ws4.txt
bash-4.4$ ls -a
.  ..  .bashrc	ws4.txt
bash-4.4$ vim[K[K[Krm[K[Krm -rf .bashrc
bash-4.4$ ls -a
.  ..  ws4.txt
bash-4.4$ vim ~/.bashrc
[?2004h[?1049h[22;0;0t[?1h=[?2004h[1;25r[?12h[?12l[27m[23m[29m[m[H[2J[?25l[25;1H"~/.bashrc" [New File][2;1Hâ–½[6n[2;1H  [1;1H[>c]10;?]11;?[2;1H[94m~                                                                               [3;1H~                                                                               [4;1H~                                                                               [5;1H~                                                                               [6;1H~                                                                               [7;1H~                                                                               [8;1H~                                                                               [9;1H~                                                                               [10;1H~                                                                               [11;1H~                                                                               [12;1H~                                                                               [13;1H~                                                                               [14;1H~                                                                               [15;1H~                                                                               [16;1H~                                                                               [17;1H~                                                                               [18;1H~                                                                               [19;1H~                                                                               [20;1H~                                                                               [21;1H~                                                                               [22;1H~                                                                               [23;1H~                                                                               [24;1H~                                                                               [m[25;63H0,0-1[9CAll[1;1H[?25h[?12$p[27m[23m[29m[m[H[2J[?25l[2;1H[94m~                                                                               [3;1H~                                                                               [4;1H~                                                                               [5;1H~                                                                               [6;1H~                                                                               [7;1H~                                                                               [8;1H~                                                                               [9;1H~                                                                               [10;1H~                                                                               [11;1H~                                                                               [12;1H~                                                                               [13;1H~                                                                               [14;1H~                                                                               [15;1H~                                                                               [16;1H~                                                                               [17;1H~                                                                               [18;1H~                                                                               [19;1H~                                                                               [20;1H~                                                                               [21;1H~                                                                               [22;1H~                                                                               [23;1H~                                                                               [24;1H~                                                                               [m[25;63H0,0-1[9CAll"~/.bashrc" [New File][1;1H[?25h[?25l[25;53Ha[1;1H[25;53H [1;1H[25;1H[1m-- INSERT --[m[25;13H[K[25;63H0,1[11CAll[1;1H[?25h[?25ll[25;63H1,2[1;2H[?25h[?25li[25;65H3[1;3H[?25h[?25la[25;65H4[1;4H[?25h[?25ls[25;65H5[1;5H[?25h[?25l[1;4H[K[25;65H4[1;4H[?25h[?25l[1;3H[K[25;65H3[1;3H[?25h[?25l[1;2H[K[25;65H2[1;2H[?25h[?25l[1;1H[K[25;65H1[1;1H[?25h[?25la[25;65H2[1;2H[?25h[?25ll[25;65H3[1;3H[?25h[?25li[25;65H4[1;4H[?25h[?25la[25;65H5[1;5H[?25h[?25l[93malias[m[25;65H6[1;6H[?25h[?25l[25;65H7[1;7H[?25h[?25l[93m=[m[25;65H8[1;8H[?25h[?25l[93m'[m[25;65H9[1;9H[?25h[?25l[95ml[m[25;65H10[1;10H[?25h[?25l[95ms[m[25;66H1[1;11H[?25h[?25l[95m [m[25;66H2[1;12H[?25h[?25l[95m-[m[25;66H3[1;13H[?25h[?25l[95ml[m[25;66H4[1;14H[?25h[?25l[95mt[m[25;66H5[1;15H[?25h[?25l[95mr[m[25;66H6[1;16H[?25h[?25l[93m'[m[25;66H7[1;17H[?25h[?25l[2;1H[K[25;63H2,1 [2;1H[?25h[?25la[25;65H2[2;2H[?25h[?25ll[25;65H3[2;3H[?25h[?25li[25;65H4[2;4H[?25h[?25la[25;65H5[2;5H[?25h[?25l[93malias[m[25;65H6[2;6H[?25h[?25l[25;65H7[2;7H[?25h[?25lw[25;65H8[2;8H[?25h[?25l[25;63H1[1;8H[?25h[?25l[25;65H7[1;7H[?25h[?25l[1m[96ml[m=[93m'[m[95mls -ltr[m[93m'[m[25;65H8[1;8H[?25h[?25l[25;63H2[2;8H[?25h[?25l[1m[96mw[m=[25;65H9[2;9H[?25h[?25l[93m'[m[25;65H10[2;10H[?25h[?25l[95ml[m[25;66H1[2;11H[?25h[?25l[95ms[m[25;66H2[2;12H[?25h[?25l[95m [m[25;66H3[2;13H[?25h[?25l[95m-[m[25;66H4[2;14H[?25h[?25l[95ml[m[25;66H5[2;15H[?25h[?25l[95m [m[25;66H6[2;16H[?25h[?25l[95m|[m[25;66H7[2;17H[?25h[?25l[95m [m[25;66H8[2;18H[?25h[?25l[95mw[m[25;66H9[2;19H[?25h[?25l[95mc[m[25;65H20[2;20H[?25h[?25l[95m-[m[25;66H1[2;21H[?25h[?25l[95ml[m[25;66H2[2;22H[?25h[?25l[93m'[m[25;66H3[2;23H[?25h[25;1H[K[2;22H[?25l[25;53H^[[2;22H[25;53H  [2;23H[25;63H2,22[10CAll[2;22H[?25h[?25l[25;53H:[2;22H[25;53H[K[25;1H:[?2004h[?25hw[?25l[?25hq[?25l[?25h[?25l[?2004l"~/.bashrc" [New] 2L, 41C written
[?2004l[?1l>[?25h[?1049l[23;0;0tbash-4.4$ ls -a
.  ..  ws4.txt
bash-4.4$ source ~/.bashrc
bash-4.4$ l
total 12
-rw-rw-r-- 1 kevinsp24 kevinsp24 12288 Apr 11 02:33 ws4.txt
bash-4.4$ w
bash: wc-l: command not found
bash-4.4$ wlsource ~/.bashrc[C[C[C[C[C[C[C[C[C[Cls -a[Kvim ~/.bashrc
[?2004h[?1049h[22;0;0t[?1h=[?2004h[1;25r[?12h[?12l[27m[23m[29m[m[H[2J[?25l[25;1H"~/.bashrc" 2L, 41C[2;1Hâ–½[6n[2;1H  [1;1H[>c]10;?]11;?[1;1H[38;5;130malias[m [36ml[m=[38;5;130m'[m[31mls -ltr[m[38;5;130m'
alias[m [36mw[m=[38;5;130m'[m[31mls -l | wc-l[m[38;5;130m'[m
[94m~                                                                               [4;1H~                                                                               [5;1H~                                                                               [6;1H~                                                                               [7;1H~                                                                               [8;1H~                                                                               [9;1H~                                                                               [10;1H~                                                                               [11;1H~                                                                               [12;1H~                                                                               [13;1H~                                                                               [14;1H~                                                                               [15;1H~                                                                               [16;1H~                                                                               [17;1H~                                                                               [18;1H~                                                                               [19;1H~                                                                               [20;1H~                                                                               [21;1H~                                                                               [22;1H~                                                                               [23;1H~                                                                               [24;1H~                                                                               [m[25;63H2,22[10CAll[2;22H[?25h[?12$p[27m[23m[29m[m[H[2J[?25l[1;1H[93malias[m [1m[96ml[m=[93m'[m[95mls -ltr[m[93m'
alias[m [1m[96mw[m=[93m'[m[95mls -l | wc-l[m[93m'[m
[94m~                                                                               [4;1H~                                                                               [5;1H~                                                                               [6;1H~                                                                               [7;1H~                                                                               [8;1H~                                                                               [9;1H~                                                                               [10;1H~                                                                               [11;1H~                                                                               [12;1H~                                                                               [13;1H~                                                                               [14;1H~                                                                               [15;1H~                                                                               [16;1H~                                                                               [17;1H~                                                                               [18;1H~                                                                               [19;1H~                                                                               [20;1H~                                                                               [21;1H~                                                                               [22;1H~                                                                               [23;1H~                                                                               [24;1H~                                                                               [m[25;63H2,22[10CAll"~/.bashrc" 2L, 41C[2;22H[?25h[?25l[25;53H~@k[2;22H[25;53H   [2;22H[?25h[?25l[25;53H~@k[2;22H[25;53H   [1;17H[25;63H1,17[1;17H[?25h[?25l[25;53H~@k[1;17H[25;53H   [2;22H[25;63H2,22[2;22H[?25h[?25l[25;53H~@k[2;22H[25;53H   [2;22H[?25h[?25l[25;53H~@k[2;22H[25;53H   [1;17H[25;63H1,17[1;17H[?25h[?25l[25;53H~@k[1;17H[25;53H   [2;22H[25;63H2,22[2;22H[?25h[?25l[25;53H~@k[2;22H[25;53H   [2;21H[25;66H1[2;21H[?25h[?25l[25;53H~@k[2;21H[25;53H   [2;20H[25;66H0[2;20H[?25h[?25l[25;53H<20>[2;20H[25;53H    [2;21H[25;66H1[2;21H[?25h[?25l[25;53H~@k[2;21H[25;53H   [2;20H[25;66H0[2;20H[?25h[?25l[25;53Hi[2;20H[25;53H [2;20H[25;1H[1m-- INSERT --[m[25;13H[K[25;63H2,20[10CAll[2;20H[?25h[?25l[95m -l[m[93m'[m[25;66H1[2;21H[?25h[25;1H[K[2;20H[?25l[25;53H^[[2;20H[25;53H  [2;21H[25;63H2,20[10CAll[2;20H[?25h[?25l[25;53H:[2;20H[25;53H[K[25;1H:[?2004h[?25hw[?25l[?25hq[?25l[?25h[?25l[?2004l"~/.bashrc" 2L, 42C written
[?2004l[?1l>[?25h[?1049l[23;0;0tbash-4.4$ w
bash: wc-l: command not found
bash-4.4$ w[Kvim ~/.bashrc[C[C[C[C[C[C[C[C[C[Cw[Kvim ~/.bashrc
[?2004h[?1049h[22;0;0t[?1h=[?2004h[1;25r[?12h[?12l[27m[23m[29m[m[H[2J[?25l[25;1H"~/.bashrc" 2L, 42C[2;1Hâ–½[6n[2;1H  [1;1H[>c]10;?]11;?[1;1H[38;5;130malias[m [36ml[m=[38;5;130m'[m[31mls -ltr[m[38;5;130m'
alias[m [36mw[m=[38;5;130m'[m[31mls -l | wc -l[m[38;5;130m'[m
[94m~                                                                               [4;1H~                                                                               [5;1H~                                                                               [6;1H~                                                                               [7;1H~                                                                               [8;1H~                                                                               [9;1H~                                                                               [10;1H~                                                                               [11;1H~                                                                               [12;1H~                                                                               [13;1H~                                                                               [14;1H~                                                                               [15;1H~                                                                               [16;1H~                                                                               [17;1H~                                                                               [18;1H~                                                                               [19;1H~                                                                               [20;1H~                                                                               [21;1H~                                                                               [22;1H~                                                                               [23;1H~                                                                               [24;1H~                                                                               [m[25;63H2,20[10CAll[2;20H[?25h[?12$p[27m[23m[29m[m[H[2J[?25l[1;1H[93malias[m [1m[96ml[m=[93m'[m[95mls -ltr[m[93m'
alias[m [1m[96mw[m=[93m'[m[95mls -l | wc -l[m[93m'[m
[94m~                                                                               [4;1H~                                                                               [5;1H~                                                                               [6;1H~                                                                               [7;1H~                                                                               [8;1H~                                                                               [9;1H~                                                                               [10;1H~                                                                               [11;1H~                                                                               [12;1H~                                                                               [13;1H~                                                                               [14;1H~                                                                               [15;1H~                                                                               [16;1H~                                                                               [17;1H~                                                                               [18;1H~                                                                               [19;1H~                                                                               [20;1H~                                                                               [21;1H~                                                                               [22;1H~                                                                               [23;1H~                                                                               [24;1H~                                                                               [m[25;63H2,20[10CAll"~/.bashrc" 2L, 42C[2;20H[?25h[?25l[25;53H~@k[2;20H[25;53H   [2;21H[25;66H1[2;21H[?25h[?25l[25;53H~@k[2;21H[25;53H   [2;22H[25;66H2[2;22H[?25h[?25l[25;53H~@k[2;22H[25;53H   [2;23H[25;66H3[2;23H[?25h[?25l[25;53H~@k[2;23H[25;53H   [2;23H[?25h[?25l[25;53H~@k[2;23H[25;53H   [2;23H[?25h[?25l[25;53H:[2;23H[25;1H[K[25;1H:[?2004h[?25hw[?25l[?25hq[?25l[?25h[?25l[?2004l"~/.bashrc" 2L, 42C written
[?2004l[?1l>[?25h[?1049l[23;0;0tbash-4.4$ source ~./bashrc[1Pbashrc[1Pbashrc.bashrc[1Pbashrc/bashrc.bashrc
bash-4.4$ source ~/.bashrc[C[C[C[C[C[C[C[C[C[C[3Pvim[C[C[C[C[C[C[C[C[C[C[C[C[C[C[C[C[C[C[C[C[Kw
2
bash-4.4$ wget https://raw.githubusercontent.com/khanchandaniashish/CS131/main/Gllobal%20YouTube%20Statistics.csv
--2024-04-11 02:55:17--  https://raw.githubusercontent.com/khanchandaniashish/CS131/main/Global%20YouTube%20Statistics.csv
Resolving raw.githubusercontent.com (raw.githubusercontent.com)... 185.199.111.133, 185.199.110.133, 185.199.109.133, ...
Connecting to raw.githubusercontent.com (raw.githubusercontent.com)|185.199.111.133|:443... connected.
HTTP request sent, awaiting response... 200 OK
Length: 200279 (196K) [text/plain]
Saving to: â€˜Global YouTube Statistics.csvâ€™

          Global Yo   0%[                    ]       0  --.-KB/s               Global YouTube Stat 100%[===================>] 195.58K  --.-KB/s    in 0.01s   

2024-04-11 02:55:17 (19.4 MB/s) - â€˜Global YouTube Statistics.csvâ€™ saved [200279/200279]

bash-4.4$ [Kbash-4.4$ [Kbash-4.4$ exit

Script done on 2024-04-11 02:56:16-04:00
